------------------------------------------------------------
Timing Analyzer Summary
------------------------------------------------------------

Type  : Slow 1200mV 85C Model Setup 'CLK'
Slack : -1.247
TNS   : -2.487

Type  : Slow 1200mV 85C Model Hold 'CLK'
Slack : 0.192
TNS   : 0.000

Type  : Slow 1200mV 85C Model Recovery 'CLK'
Slack : 1.253
TNS   : 0.000

Type  : Slow 1200mV 85C Model Removal 'CLK'
Slack : -1.380
TNS   : -4.140

Type  : Slow 1200mV 85C Model Minimum Pulse Width 'CLK'
Slack : -3.000
TNS   : -6.000

Type  : Slow 1200mV 85C Model Minimum Pulse Width 'SHLD'
Slack : -3.000
TNS   : -3.000

Type  : Slow 1200mV 0C Model Setup 'CLK'
Slack : -1.145
TNS   : -2.206

Type  : Slow 1200mV 0C Model Hold 'CLK'
Slack : 0.146
TNS   : 0.000

Type  : Slow 1200mV 0C Model Recovery 'CLK'
Slack : 1.224
TNS   : 0.000

Type  : Slow 1200mV 0C Model Removal 'CLK'
Slack : -1.274
TNS   : -3.822

Type  : Slow 1200mV 0C Model Minimum Pulse Width 'CLK'
Slack : -3.000
TNS   : -6.000

Type  : Slow 1200mV 0C Model Minimum Pulse Width 'SHLD'
Slack : -3.000
TNS   : -3.000

Type  : Fast 1200mV 0C Model Setup 'CLK'
Slack : -0.838
TNS   : -1.655

Type  : Fast 1200mV 0C Model Hold 'CLK'
Slack : 0.059
TNS   : 0.000

Type  : Fast 1200mV 0C Model Recovery 'CLK'
Slack : 0.565
TNS   : 0.000

Type  : Fast 1200mV 0C Model Removal 'CLK'
Slack : -0.760
TNS   : -2.280

Type  : Fast 1200mV 0C Model Minimum Pulse Width 'CLK'
Slack : -3.000
TNS   : -6.408

Type  : Fast 1200mV 0C Model Minimum Pulse Width 'SHLD'
Slack : -3.000
TNS   : -3.000

------------------------------------------------------------
